../Core/Src/hx711.c:11:6:hx711_init	40	static
../Core/Src/hx711.c:33:6:set_scale	0	static
../Core/Src/hx711.c:41:6:set_gain	0	static
../Core/Src/hx711.c:55:6:set_offset	0	static
../Core/Src/hx711.c:61:9:shiftIn	24	static
../Core/Src/hx711.c:77:6:is_ready	8	static
../Core/Src/hx711.c:85:6:wait_ready	8	static
../Core/Src/hx711.c:93:6:read	32	static,ignoring_inline_asm
../Core/Src/hx711.c:133:6:read_average	24	static
../Core/Src/hx711.c:143:8:get_value	32	static
../Core/Src/hx711.c:151:6:tare	24	static
../Core/Src/hx711.c:158:6:tare_all	24	static
../Core/Src/hx711.c:164:7:get_weight	32	static
