../Core/Src/main.c:187:6:microDelay	0	static
../Core/Src/main.c:193:9:DHT11_Start	40	static
../Core/Src/main.c:223:9:DHT11_Read	32	static
../Core/Src/main.c:169:6:displayHumidityTemperature.part.0	32	static
../Core/Src/main.c:169:6:displayHumidityTemperature	8	static
../Core/Src/main.c:247:6:displayWeight	72	static
../Core/Src/main.c:258:6:init_weight	24	static
../Core/Src/main.c:273:7:measure_weight	8	static
../Core/Src/main.c:296:6:getSoilMoisture	16	static
../Core/Src/main.c:331:6:printToScreen	16	static
../Core/Src/main.c:339:6:drawLines	40	static
../Core/Src/main.c:376:6:drawImage	8	static
../Core/Src/main.c:290:6:start_animation	8	static
../Core/Src/main.c:393:6:SystemClock_Config	96	static,ignoring_inline_asm
../Core/Src/main.c:97:5:main	96	static,ignoring_inline_asm
../Core/Src/main.c:698:6:Error_Handler	0	static,ignoring_inline_asm
