../Core/Src/main.c:226:15:testFillScreen	32	static
../Core/Src/main.c:264:15:testText	16	static
../Core/Src/main.c:294:15:testLines	48	static
../Core/Src/main.c:359:15:testFastLines	32	static
../Core/Src/main.c:373:15:testRects	40	static
../Core/Src/main.c:388:15:testFilledRects	56	static
../Core/Src/main.c:407:15:testFilledCircles	48	static
../Core/Src/main.c:422:15:testCircles	48	static
../Core/Src/main.c:439:15:testTriangles	56	static
../Core/Src/main.c:456:15:testFilledTriangles	72	static
../Core/Src/main.c:473:15:testRoundRects	48	static
../Core/Src/main.c:488:15:testFilledRoundRects	40	static
../Core/Src/main.c:502:15:testDrawImage	8	static
../Core/Src/main.c:125:6:demoLCD	8	static
../Core/Src/main.c:523:6:SystemClock_Config	96	static,ignoring_inline_asm
../Core/Src/main.c:82:5:main	80	static,ignoring_inline_asm
../Core/Src/main.c:747:6:Error_Handler	0	static,ignoring_inline_asm
