../Core/Src/stm32f1xx_hal_msp.c:63:6:HAL_MspInit	8	static
../Core/Src/stm32f1xx_hal_msp.c:89:6:HAL_ADC_MspInit	40	static
../Core/Src/stm32f1xx_hal_msp.c:121:6:HAL_ADC_MspDeInit	0	static
../Core/Src/stm32f1xx_hal_msp.c:149:6:HAL_I2C_MspInit	40	static
../Core/Src/stm32f1xx_hal_msp.c:185:6:HAL_I2C_MspDeInit	8	static
../Core/Src/stm32f1xx_hal_msp.c:216:6:HAL_TIM_Base_MspInit	8	static
../Core/Src/stm32f1xx_hal_msp.c:238:6:HAL_TIM_Base_MspDeInit	0	static
../Core/Src/stm32f1xx_hal_msp.c:310:6:HAL_SRAM_MspInit	48	static
../Core/Src/stm32f1xx_hal_msp.c:368:6:HAL_SRAM_MspDeInit	8	static
