../Core/Src/stm32f1xx_hal_msp.c:63:6:HAL_MspInit	8	static
../Core/Src/stm32f1xx_hal_msp.c:89:6:HAL_ADC_MspInit	48	static
../Core/Src/stm32f1xx_hal_msp.c:141:6:HAL_ADC_MspDeInit	0	static
../Core/Src/stm32f1xx_hal_msp.c:186:6:HAL_TIM_Base_MspInit	8	static
../Core/Src/stm32f1xx_hal_msp.c:208:6:HAL_TIM_Base_MspDeInit	0	static
../Core/Src/stm32f1xx_hal_msp.c:230:6:HAL_UART_MspInit	48	static
../Core/Src/stm32f1xx_hal_msp.c:296:6:HAL_UART_MspDeInit	0	static
../Core/Src/stm32f1xx_hal_msp.c:393:6:HAL_SRAM_MspInit	48	static
../Core/Src/stm32f1xx_hal_msp.c:451:6:HAL_SRAM_MspDeInit	8	static
